// Jest Snapshot v1, https://goo.gl/fbAQLP

exports[`Heading should render a text component as expected 1`] = `
<h3
  className="sc-bdVaJa ceCbjx"
  color="green"
  fontSize="400"
  fontWeight="normal"
>
  fakeHeading
</h3>
`;
